2026-09-15 12:51:25 [WRN] Microsoft.EntityFrameworkCore.Model.Validation: Entity 'ProjectTask' has a global query filter defined and is the required end of a relationship with the entity 'TaskActivityLog'. This may lead to unexpected results when the required entity is filtered out. Either configure the navigation as optional, or define matching query filters for both entities in the navigation. See https://go.microsoft.com/fwlink/?linkid=2131316 for more information.
2026-09-15 12:51:25 [WRN] Microsoft.EntityFrameworkCore.Model.Validation: Entity 'ProjectTask' has a global query filter defined and is the required end of a relationship with the entity 'TaskComment'. This may lead to unexpected results when the required entity is filtered out. Either configure the navigation as optional, or define matching query filters for both entities in the navigation. See https://go.microsoft.com/fwlink/?linkid=2131316 for more information.
2026-09-15 12:51:26 [ERR] Microsoft.EntityFrameworkCore.Database.Connection: An error occurred using the connection to database '' on server ''.
2026-09-15 12:51:26 [ERR] Microsoft.EntityFrameworkCore.Query: An exception occurred while iterating over the results of a query for context type 'ProjectManagementSystem.DTOs.ApplicationDbContext'.
System.InvalidOperationException: The ConnectionString property has not been initialized.
   at Microsoft.Data.SqlClient.SqlConnection.PermissionDemand()
   at Microsoft.Data.SqlClient.SqlConnectionFactory.PermissionDemand(DbConnection outerConnection)
   at Microsoft.Data.ProviderBase.DbConnectionInternal.TryOpenConnectionInternal(DbConnection outerConnection, DbConnectionFactory connectionFactory, TaskCompletionSource`1 retry, DbConnectionOptions userOptions)
   at Microsoft.Data.ProviderBase.DbConnectionClosed.TryOpenConnection(DbConnection outerConnection, DbConnectionFactory connectionFactory, TaskCompletionSource`1 retry, DbConnectionOptions userOptions)
   at Microsoft.Data.SqlClient.SqlConnection.TryOpen(TaskCompletionSource`1 retry, SqlConnectionOverrides overrides)
   at Microsoft.Data.SqlClient.SqlConnection.InternalOpenAsync(SqlConnectionOverrides overrides, CancellationToken cancellationToken)
--- End of stack trace from previous location ---
   at Microsoft.EntityFrameworkCore.Storage.RelationalConnection.OpenInternalAsync(Boolean errorsExpected, CancellationToken cancellationToken)
   at Microsoft.EntityFrameworkCore.Storage.RelationalConnection.OpenInternalAsync(Boolean errorsExpected, CancellationToken cancellationToken)
   at Microsoft.EntityFrameworkCore.Storage.RelationalConnection.OpenAsync(CancellationToken cancellationToken, Boolean errorsExpected)
   at Microsoft.EntityFrameworkCore.Storage.RelationalCommand.ExecuteReaderAsync(RelationalCommandParameterObject parameterObject, CancellationToken cancellationToken)
   at Microsoft.EntityFrameworkCore.Query.Internal.SingleQueryingEnumerable`1.AsyncEnumerator.InitializeReaderAsync(AsyncEnumerator enumerator, CancellationToken cancellationToken)
   at Microsoft.EntityFrameworkCore.SqlServer.Storage.Internal.SqlServerExecutionStrategy.ExecuteAsync[TState,TResult](TState state, Func`4 operation, Func`4 verifySucceeded, CancellationToken cancellationToken)
   at Microsoft.EntityFrameworkCore.Query.Internal.SingleQueryingEnumerable`1.AsyncEnumerator.MoveNextAsync()
System.InvalidOperationException: The ConnectionString property has not been initialized.
   at Microsoft.Data.SqlClient.SqlConnection.PermissionDemand()
   at Microsoft.Data.SqlClient.SqlConnectionFactory.PermissionDemand(DbConnection outerConnection)
   at Microsoft.Data.ProviderBase.DbConnectionInternal.TryOpenConnectionInternal(DbConnection outerConnection, DbConnectionFactory connectionFactory, TaskCompletionSource`1 retry, DbConnectionOptions userOptions)
   at Microsoft.Data.ProviderBase.DbConnectionClosed.TryOpenConnection(DbConnection outerConnection, DbConnectionFactory connectionFactory, TaskCompletionSource`1 retry, DbConnectionOptions userOptions)
   at Microsoft.Data.SqlClient.SqlConnection.TryOpen(TaskCompletionSource`1 retry, SqlConnectionOverrides overrides)
   at Microsoft.Data.SqlClient.SqlConnection.InternalOpenAsync(SqlConnectionOverrides overrides, CancellationToken cancellationToken)
--- End of stack trace from previous location ---
   at Microsoft.EntityFrameworkCore.Storage.RelationalConnection.OpenInternalAsync(Boolean errorsExpected, CancellationToken cancellationToken)
   at Microsoft.EntityFrameworkCore.Storage.RelationalConnection.OpenInternalAsync(Boolean errorsExpected, CancellationToken cancellationToken)
   at Microsoft.EntityFrameworkCore.Storage.RelationalConnection.OpenAsync(CancellationToken cancellationToken, Boolean errorsExpected)
   at Microsoft.EntityFrameworkCore.Storage.RelationalCommand.ExecuteReaderAsync(RelationalCommandParameterObject parameterObject, CancellationToken cancellationToken)
   at Microsoft.EntityFrameworkCore.Query.Internal.SingleQueryingEnumerable`1.AsyncEnumerator.InitializeReaderAsync(AsyncEnumerator enumerator, CancellationToken cancellationToken)
   at Microsoft.EntityFrameworkCore.SqlServer.Storage.Internal.SqlServerExecutionStrategy.ExecuteAsync[TState,TResult](TState state, Func`4 operation, Func`4 verifySucceeded, CancellationToken cancellationToken)
   at Microsoft.EntityFrameworkCore.Query.Internal.SingleQueryingEnumerable`1.AsyncEnumerator.MoveNextAsync()
2026-09-15 13:50:00 [WRN] Microsoft.EntityFrameworkCore.Model.Validation: Entity 'ProjectTask' has a global query filter defined and is the required end of a relationship with the entity 'TaskActivityLog'. This may lead to unexpected results when the required entity is filtered out. Either configure the navigation as optional, or define matching query filters for both entities in the navigation. See https://go.microsoft.com/fwlink/?linkid=2131316 for more information.
2026-09-15 13:50:00 [WRN] Microsoft.EntityFrameworkCore.Model.Validation: Entity 'ProjectTask' has a global query filter defined and is the required end of a relationship with the entity 'TaskComment'. This may lead to unexpected results when the required entity is filtered out. Either configure the navigation as optional, or define matching query filters for both entities in the navigation. See https://go.microsoft.com/fwlink/?linkid=2131316 for more information.
2026-09-15 13:50:01 [ERR] Microsoft.EntityFrameworkCore.Database.Command: Failed executing DbCommand (57ms) [Parameters=[@normalizedName='?' (Size = 256)], CommandType='"Text"', CommandTimeout='30']
SELECT TOP(1) [a].[Id], [a].[ConcurrencyStamp], [a].[Name], [a].[NormalizedName]
FROM [AspNetRoles] AS [a]
WHERE [a].[NormalizedName] = @normalizedName
2026-09-15 13:50:01 [ERR] Microsoft.EntityFrameworkCore.Query: An exception occurred while iterating over the results of a query for context type 'ProjectManagementSystem.DTOs.ApplicationDbContext'.
Microsoft.Data.SqlClient.SqlException (0x80131904): Invalid object name 'AspNetRoles'.
   at Microsoft.Data.SqlClient.SqlCommand.<>c.<ExecuteDbDataReaderAsync>b__195_0(Task`1 result)
   at System.Threading.Tasks.ContinuationResultTaskFromResultTask`2.InnerInvoke()
   at System.Threading.ExecutionContext.RunInternal(ExecutionContext executionContext, ContextCallback callback, Object state)
--- End of stack trace from previous location ---
   at System.Threading.ExecutionContext.RunInternal(ExecutionContext executionContext, ContextCallback callback, Object state)
   at System.Threading.Tasks.Task.ExecuteWithThreadLocal(Task& currentTaskSlot, Thread threadPoolThread)
--- End of stack trace from previous location ---
   at Microsoft.EntityFrameworkCore.Storage.RelationalCommand.ExecuteReaderAsync(RelationalCommandParameterObject parameterObject, CancellationToken cancellationToken)
   at Microsoft.EntityFrameworkCore.Storage.RelationalCommand.ExecuteReaderAsync(RelationalCommandParameterObject parameterObject, CancellationToken cancellationToken)
   at Microsoft.EntityFrameworkCore.Query.Internal.SingleQueryingEnumerable`1.AsyncEnumerator.InitializeReaderAsync(AsyncEnumerator enumerator, CancellationToken cancellationToken)
   at Microsoft.EntityFrameworkCore.SqlServer.Storage.Internal.SqlServerExecutionStrategy.ExecuteAsync[TState,TResult](TState state, Func`4 operation, Func`4 verifySucceeded, CancellationToken cancellationToken)
   at Microsoft.EntityFrameworkCore.Query.Internal.SingleQueryingEnumerable`1.AsyncEnumerator.MoveNextAsync()
ClientConnectionId:223cdae2-8489-44e4-9b3c-1bf4e2c9399a
Error Number:208,State:1,Class:16
Microsoft.Data.SqlClient.SqlException (0x80131904): Invalid object name 'AspNetRoles'.
   at Microsoft.Data.SqlClient.SqlCommand.<>c.<ExecuteDbDataReaderAsync>b__195_0(Task`1 result)
   at System.Threading.Tasks.ContinuationResultTaskFromResultTask`2.InnerInvoke()
   at System.Threading.ExecutionContext.RunInternal(ExecutionContext executionContext, ContextCallback callback, Object state)
--- End of stack trace from previous location ---
   at System.Threading.ExecutionContext.RunInternal(ExecutionContext executionContext, ContextCallback callback, Object state)
   at System.Threading.Tasks.Task.ExecuteWithThreadLocal(Task& currentTaskSlot, Thread threadPoolThread)
--- End of stack trace from previous location ---
   at Microsoft.EntityFrameworkCore.Storage.RelationalCommand.ExecuteReaderAsync(RelationalCommandParameterObject parameterObject, CancellationToken cancellationToken)
   at Microsoft.EntityFrameworkCore.Storage.RelationalCommand.ExecuteReaderAsync(RelationalCommandParameterObject parameterObject, CancellationToken cancellationToken)
   at Microsoft.EntityFrameworkCore.Query.Internal.SingleQueryingEnumerable`1.AsyncEnumerator.InitializeReaderAsync(AsyncEnumerator enumerator, CancellationToken cancellationToken)
   at Microsoft.EntityFrameworkCore.SqlServer.Storage.Internal.SqlServerExecutionStrategy.ExecuteAsync[TState,TResult](TState state, Func`4 operation, Func`4 verifySucceeded, CancellationToken cancellationToken)
   at Microsoft.EntityFrameworkCore.Query.Internal.SingleQueryingEnumerable`1.AsyncEnumerator.MoveNextAsync()
ClientConnectionId:223cdae2-8489-44e4-9b3c-1bf4e2c9399a
Error Number:208,State:1,Class:16
2026-09-15 13:52:07 [ERR] Microsoft.EntityFrameworkCore.Database.Command: Failed executing DbCommand (6ms) [Parameters=[@normalizedName='?' (Size = 256)], CommandType='"Text"', CommandTimeout='30']
SELECT TOP(1) [a].[Id], [a].[ConcurrencyStamp], [a].[Name], [a].[NormalizedName]
FROM [AspNetRoles] AS [a]
WHERE [a].[NormalizedName] = @normalizedName
2026-09-15 13:52:07 [ERR] Microsoft.EntityFrameworkCore.Query: An exception occurred while iterating over the results of a query for context type 'ProjectManagementSystem.DTOs.ApplicationDbContext'.
Microsoft.Data.SqlClient.SqlException (0x80131904): Invalid object name 'AspNetRoles'.
   at Microsoft.Data.SqlClient.SqlCommand.<>c.<ExecuteDbDataReaderAsync>b__195_0(Task`1 result)
   at System.Threading.Tasks.ContinuationResultTaskFromResultTask`2.InnerInvoke()
   at System.Threading.ExecutionContext.RunInternal(ExecutionContext executionContext, ContextCallback callback, Object state)
--- End of stack trace from previous location ---
   at System.Threading.ExecutionContext.RunInternal(ExecutionContext executionContext, ContextCallback callback, Object state)
   at System.Threading.Tasks.Task.ExecuteWithThreadLocal(Task& currentTaskSlot, Thread threadPoolThread)
--- End of stack trace from previous location ---
   at Microsoft.EntityFrameworkCore.Storage.RelationalCommand.ExecuteReaderAsync(RelationalCommandParameterObject parameterObject, CancellationToken cancellationToken)
   at Microsoft.EntityFrameworkCore.Storage.RelationalCommand.ExecuteReaderAsync(RelationalCommandParameterObject parameterObject, CancellationToken cancellationToken)
   at Microsoft.EntityFrameworkCore.Query.Internal.SingleQueryingEnumerable`1.AsyncEnumerator.InitializeReaderAsync(AsyncEnumerator enumerator, CancellationToken cancellationToken)
   at Microsoft.EntityFrameworkCore.SqlServer.Storage.Internal.SqlServerExecutionStrategy.ExecuteAsync[TState,TResult](TState state, Func`4 operation, Func`4 verifySucceeded, CancellationToken cancellationToken)
   at Microsoft.EntityFrameworkCore.Query.Internal.SingleQueryingEnumerable`1.AsyncEnumerator.MoveNextAsync()
ClientConnectionId:223cdae2-8489-44e4-9b3c-1bf4e2c9399a
Error Number:208,State:1,Class:16
Microsoft.Data.SqlClient.SqlException (0x80131904): Invalid object name 'AspNetRoles'.
   at Microsoft.Data.SqlClient.SqlCommand.<>c.<ExecuteDbDataReaderAsync>b__195_0(Task`1 result)
   at System.Threading.Tasks.ContinuationResultTaskFromResultTask`2.InnerInvoke()
   at System.Threading.ExecutionContext.RunInternal(ExecutionContext executionContext, ContextCallback callback, Object state)
--- End of stack trace from previous location ---
   at System.Threading.ExecutionContext.RunInternal(ExecutionContext executionContext, ContextCallback callback, Object state)
   at System.Threading.Tasks.Task.ExecuteWithThreadLocal(Task& currentTaskSlot, Thread threadPoolThread)
--- End of stack trace from previous location ---
   at Microsoft.EntityFrameworkCore.Storage.RelationalCommand.ExecuteReaderAsync(RelationalCommandParameterObject parameterObject, CancellationToken cancellationToken)
   at Microsoft.EntityFrameworkCore.Storage.RelationalCommand.ExecuteReaderAsync(RelationalCommandParameterObject parameterObject, CancellationToken cancellationToken)
   at Microsoft.EntityFrameworkCore.Query.Internal.SingleQueryingEnumerable`1.AsyncEnumerator.InitializeReaderAsync(AsyncEnumerator enumerator, CancellationToken cancellationToken)
   at Microsoft.EntityFrameworkCore.SqlServer.Storage.Internal.SqlServerExecutionStrategy.ExecuteAsync[TState,TResult](TState state, Func`4 operation, Func`4 verifySucceeded, CancellationToken cancellationToken)
   at Microsoft.EntityFrameworkCore.Query.Internal.SingleQueryingEnumerable`1.AsyncEnumerator.MoveNextAsync()
ClientConnectionId:223cdae2-8489-44e4-9b3c-1bf4e2c9399a
Error Number:208,State:1,Class:16
2026-09-15 13:52:18 [WRN] Microsoft.EntityFrameworkCore.Model.Validation: Entity 'ProjectTask' has a global query filter defined and is the required end of a relationship with the entity 'TaskActivityLog'. This may lead to unexpected results when the required entity is filtered out. Either configure the navigation as optional, or define matching query filters for both entities in the navigation. See https://go.microsoft.com/fwlink/?linkid=2131316 for more information.
2026-09-15 13:52:18 [WRN] Microsoft.EntityFrameworkCore.Model.Validation: Entity 'ProjectTask' has a global query filter defined and is the required end of a relationship with the entity 'TaskComment'. This may lead to unexpected results when the required entity is filtered out. Either configure the navigation as optional, or define matching query filters for both entities in the navigation. See https://go.microsoft.com/fwlink/?linkid=2131316 for more information.
2026-09-15 13:52:18 [ERR] Microsoft.EntityFrameworkCore.Database.Command: Failed executing DbCommand (55ms) [Parameters=[@normalizedName='?' (Size = 256)], CommandType='"Text"', CommandTimeout='30']
SELECT TOP(1) [a].[Id], [a].[ConcurrencyStamp], [a].[Name], [a].[NormalizedName]
FROM [AspNetRoles] AS [a]
WHERE [a].[NormalizedName] = @normalizedName
2026-09-15 13:52:18 [ERR] Microsoft.EntityFrameworkCore.Query: An exception occurred while iterating over the results of a query for context type 'ProjectManagementSystem.DTOs.ApplicationDbContext'.
Microsoft.Data.SqlClient.SqlException (0x80131904): Invalid object name 'AspNetRoles'.
   at Microsoft.Data.SqlClient.SqlCommand.<>c.<ExecuteDbDataReaderAsync>b__195_0(Task`1 result)
   at System.Threading.Tasks.ContinuationResultTaskFromResultTask`2.InnerInvoke()
   at System.Threading.ExecutionContext.RunInternal(ExecutionContext executionContext, ContextCallback callback, Object state)
--- End of stack trace from previous location ---
   at System.Threading.ExecutionContext.RunInternal(ExecutionContext executionContext, ContextCallback callback, Object state)
   at System.Threading.Tasks.Task.ExecuteWithThreadLocal(Task& currentTaskSlot, Thread threadPoolThread)
--- End of stack trace from previous location ---
   at Microsoft.EntityFrameworkCore.Storage.RelationalCommand.ExecuteReaderAsync(RelationalCommandParameterObject parameterObject, CancellationToken cancellationToken)
   at Microsoft.EntityFrameworkCore.Storage.RelationalCommand.ExecuteReaderAsync(RelationalCommandParameterObject parameterObject, CancellationToken cancellationToken)
   at Microsoft.EntityFrameworkCore.Query.Internal.SingleQueryingEnumerable`1.AsyncEnumerator.InitializeReaderAsync(AsyncEnumerator enumerator, CancellationToken cancellationToken)
   at Microsoft.EntityFrameworkCore.SqlServer.Storage.Internal.SqlServerExecutionStrategy.ExecuteAsync[TState,TResult](TState state, Func`4 operation, Func`4 verifySucceeded, CancellationToken cancellationToken)
   at Microsoft.EntityFrameworkCore.Query.Internal.SingleQueryingEnumerable`1.AsyncEnumerator.MoveNextAsync()
ClientConnectionId:f3cffc79-2a04-41bb-a313-2234350dd025
Error Number:208,State:1,Class:16
Microsoft.Data.SqlClient.SqlException (0x80131904): Invalid object name 'AspNetRoles'.
   at Microsoft.Data.SqlClient.SqlCommand.<>c.<ExecuteDbDataReaderAsync>b__195_0(Task`1 result)
   at System.Threading.Tasks.ContinuationResultTaskFromResultTask`2.InnerInvoke()
   at System.Threading.ExecutionContext.RunInternal(ExecutionContext executionContext, ContextCallback callback, Object state)
--- End of stack trace from previous location ---
   at System.Threading.ExecutionContext.RunInternal(ExecutionContext executionContext, ContextCallback callback, Object state)
   at System.Threading.Tasks.Task.ExecuteWithThreadLocal(Task& currentTaskSlot, Thread threadPoolThread)
--- End of stack trace from previous location ---
   at Microsoft.EntityFrameworkCore.Storage.RelationalCommand.ExecuteReaderAsync(RelationalCommandParameterObject parameterObject, CancellationToken cancellationToken)
   at Microsoft.EntityFrameworkCore.Storage.RelationalCommand.ExecuteReaderAsync(RelationalCommandParameterObject parameterObject, CancellationToken cancellationToken)
   at Microsoft.EntityFrameworkCore.Query.Internal.SingleQueryingEnumerable`1.AsyncEnumerator.InitializeReaderAsync(AsyncEnumerator enumerator, CancellationToken cancellationToken)
   at Microsoft.EntityFrameworkCore.SqlServer.Storage.Internal.SqlServerExecutionStrategy.ExecuteAsync[TState,TResult](TState state, Func`4 operation, Func`4 verifySucceeded, CancellationToken cancellationToken)
   at Microsoft.EntityFrameworkCore.Query.Internal.SingleQueryingEnumerable`1.AsyncEnumerator.MoveNextAsync()
ClientConnectionId:f3cffc79-2a04-41bb-a313-2234350dd025
Error Number:208,State:1,Class:16
2026-09-15 13:58:03 [WRN] Microsoft.EntityFrameworkCore.Model.Validation: Entity 'ProjectTask' has a global query filter defined and is the required end of a relationship with the entity 'TaskActivityLog'. This may lead to unexpected results when the required entity is filtered out. Either configure the navigation as optional, or define matching query filters for both entities in the navigation. See https://go.microsoft.com/fwlink/?linkid=2131316 for more information.
2026-09-15 13:58:03 [WRN] Microsoft.EntityFrameworkCore.Model.Validation: Entity 'ProjectTask' has a global query filter defined and is the required end of a relationship with the entity 'TaskComment'. This may lead to unexpected results when the required entity is filtered out. Either configure the navigation as optional, or define matching query filters for both entities in the navigation. See https://go.microsoft.com/fwlink/?linkid=2131316 for more information.
2026-09-15 13:59:07 [WRN] Microsoft.EntityFrameworkCore.Model.Validation: Entity 'ProjectTask' has a global query filter defined and is the required end of a relationship with the entity 'TaskActivityLog'. This may lead to unexpected results when the required entity is filtered out. Either configure the navigation as optional, or define matching query filters for both entities in the navigation. See https://go.microsoft.com/fwlink/?linkid=2131316 for more information.
2026-09-15 13:59:07 [WRN] Microsoft.EntityFrameworkCore.Model.Validation: Entity 'ProjectTask' has a global query filter defined and is the required end of a relationship with the entity 'TaskComment'. This may lead to unexpected results when the required entity is filtered out. Either configure the navigation as optional, or define matching query filters for both entities in the navigation. See https://go.microsoft.com/fwlink/?linkid=2131316 for more information.
2026-09-15 13:59:13 [WRN] Microsoft.EntityFrameworkCore.Model.Validation: Entity 'ProjectTask' has a global query filter defined and is the required end of a relationship with the entity 'TaskActivityLog'. This may lead to unexpected results when the required entity is filtered out. Either configure the navigation as optional, or define matching query filters for both entities in the navigation. See https://go.microsoft.com/fwlink/?linkid=2131316 for more information.
2026-09-15 13:59:13 [WRN] Microsoft.EntityFrameworkCore.Model.Validation: Entity 'ProjectTask' has a global query filter defined and is the required end of a relationship with the entity 'TaskComment'. This may lead to unexpected results when the required entity is filtered out. Either configure the navigation as optional, or define matching query filters for both entities in the navigation. See https://go.microsoft.com/fwlink/?linkid=2131316 for more information.
2026-09-15 13:59:14 [INF] Microsoft.Hosting.Lifetime: Now listening on: https://localhost:7129
2026-09-15 13:59:14 [INF] Microsoft.Hosting.Lifetime: Now listening on: http://localhost:5188
2026-09-15 13:59:14 [INF] Microsoft.Hosting.Lifetime: Application started. Press Ctrl+C to shut down.
2026-09-15 13:59:14 [INF] Microsoft.Hosting.Lifetime: Hosting environment: Development
2026-09-15 13:59:14 [INF] Microsoft.Hosting.Lifetime: Content root path: C:\Users\rajes\source\repos\ProjectManagementSystem\ProjectManagementSystem
2026-09-15 13:59:54 [WRN] Microsoft.EntityFrameworkCore.Model.Validation: Entity 'ProjectTask' has a global query filter defined and is the required end of a relationship with the entity 'TaskActivityLog'. This may lead to unexpected results when the required entity is filtered out. Either configure the navigation as optional, or define matching query filters for both entities in the navigation. See https://go.microsoft.com/fwlink/?linkid=2131316 for more information.
2026-09-15 13:59:54 [WRN] Microsoft.EntityFrameworkCore.Model.Validation: Entity 'ProjectTask' has a global query filter defined and is the required end of a relationship with the entity 'TaskComment'. This may lead to unexpected results when the required entity is filtered out. Either configure the navigation as optional, or define matching query filters for both entities in the navigation. See https://go.microsoft.com/fwlink/?linkid=2131316 for more information.
2026-09-15 13:59:55 [INF] Microsoft.Hosting.Lifetime: Now listening on: https://localhost:7129
2026-09-15 13:59:55 [INF] Microsoft.Hosting.Lifetime: Now listening on: http://localhost:5188
2026-09-15 13:59:55 [INF] Microsoft.Hosting.Lifetime: Application started. Press Ctrl+C to shut down.
2026-09-15 13:59:55 [INF] Microsoft.Hosting.Lifetime: Hosting environment: Development
2026-09-15 13:59:55 [INF] Microsoft.Hosting.Lifetime: Content root path: C:\Users\rajes\source\repos\ProjectManagementSystem\ProjectManagementSystem
2026-09-15 14:00:27 [INF] Microsoft.Hosting.Lifetime: Application is shutting down...
2026-09-15 14:08:13 [WRN] Microsoft.EntityFrameworkCore.Model.Validation: Entity 'ProjectTask' has a global query filter defined and is the required end of a relationship with the entity 'TaskActivityLog'. This may lead to unexpected results when the required entity is filtered out. Either configure the navigation as optional, or define matching query filters for both entities in the navigation. See https://go.microsoft.com/fwlink/?linkid=2131316 for more information.
2026-09-15 14:08:13 [WRN] Microsoft.EntityFrameworkCore.Model.Validation: Entity 'ProjectTask' has a global query filter defined and is the required end of a relationship with the entity 'TaskComment'. This may lead to unexpected results when the required entity is filtered out. Either configure the navigation as optional, or define matching query filters for both entities in the navigation. See https://go.microsoft.com/fwlink/?linkid=2131316 for more information.
2026-09-15 14:08:34 [WRN] Microsoft.EntityFrameworkCore.Model.Validation: Entity 'ProjectTask' has a global query filter defined and is the required end of a relationship with the entity 'TaskActivityLog'. This may lead to unexpected results when the required entity is filtered out. Either configure the navigation as optional, or define matching query filters for both entities in the navigation. See https://go.microsoft.com/fwlink/?linkid=2131316 for more information.
2026-09-15 14:08:34 [WRN] Microsoft.EntityFrameworkCore.Model.Validation: Entity 'ProjectTask' has a global query filter defined and is the required end of a relationship with the entity 'TaskComment'. This may lead to unexpected results when the required entity is filtered out. Either configure the navigation as optional, or define matching query filters for both entities in the navigation. See https://go.microsoft.com/fwlink/?linkid=2131316 for more information.
2026-09-15 14:08:43 [WRN] Microsoft.EntityFrameworkCore.Model.Validation: Entity 'ProjectTask' has a global query filter defined and is the required end of a relationship with the entity 'TaskActivityLog'. This may lead to unexpected results when the required entity is filtered out. Either configure the navigation as optional, or define matching query filters for both entities in the navigation. See https://go.microsoft.com/fwlink/?linkid=2131316 for more information.
2026-09-15 14:08:43 [WRN] Microsoft.EntityFrameworkCore.Model.Validation: Entity 'ProjectTask' has a global query filter defined and is the required end of a relationship with the entity 'TaskComment'. This may lead to unexpected results when the required entity is filtered out. Either configure the navigation as optional, or define matching query filters for both entities in the navigation. See https://go.microsoft.com/fwlink/?linkid=2131316 for more information.
2026-09-15 14:08:44 [INF] Microsoft.Hosting.Lifetime: Now listening on: https://localhost:7129
2026-09-15 14:08:44 [INF] Microsoft.Hosting.Lifetime: Now listening on: http://localhost:5188
2026-09-15 14:08:44 [INF] Microsoft.Hosting.Lifetime: Application started. Press Ctrl+C to shut down.
2026-09-15 14:08:44 [INF] Microsoft.Hosting.Lifetime: Hosting environment: Development
2026-09-15 14:08:44 [INF] Microsoft.Hosting.Lifetime: Content root path: C:\Users\rajes\source\repos\ProjectManagementSystem\ProjectManagementSystem
2026-09-15 14:11:21 [INF] Serilog.AspNetCore.RequestLoggingMiddleware: HTTP POST /api/Auth/register responded 400 in 158.1587 ms
2026-09-15 14:11:54 [INF] ProjectManagementSystem.Controllers.AuthController: New HR account registered: Rajeshistala11@gmail.com
2026-09-15 14:11:54 [INF] Serilog.AspNetCore.RequestLoggingMiddleware: HTTP POST /api/Auth/register responded 200 in 584.8143 ms
2026-09-15 14:12:27 [INF] Serilog.AspNetCore.RequestLoggingMiddleware: HTTP GET /api/Auth/me responded 401 in 17.4515 ms
2026-09-15 14:18:45 [INF] ProjectManagementSystem.Controllers.AuthController: User Rajeshistala11@gmail.com logged in as HR
2026-09-15 14:18:45 [INF] Serilog.AspNetCore.RequestLoggingMiddleware: HTTP POST /api/Auth/login responded 200 in 242.2597 ms
2026-09-15 14:18:55 [INF] Serilog.AspNetCore.RequestLoggingMiddleware: HTTP GET /api/Auth/me responded 401 in 1.6178 ms
2026-09-15 14:21:47 [INF] Serilog.AspNetCore.RequestLoggingMiddleware: HTTP GET /api/Auth/me responded 200 in 69.9765 ms
2026-09-15 15:49:25 [INF] Serilog.AspNetCore.RequestLoggingMiddleware: HTTP POST /api/Auth/register responded 409 in 113.7269 ms
2026-09-15 15:49:38 [INF] ProjectManagementSystem.Controllers.AuthController: New HR account registered: Rajeshistala1@gmail.com
2026-09-15 15:49:38 [INF] Serilog.AspNetCore.RequestLoggingMiddleware: HTTP POST /api/Auth/register responded 200 in 162.8676 ms
2026-09-15 15:50:28 [INF] ProjectManagementSystem.Controllers.AuthController: User Rajeshistala1@gmail.com logged in as HR
2026-09-15 15:50:28 [INF] Serilog.AspNetCore.RequestLoggingMiddleware: HTTP POST /api/Auth/login responded 200 in 140.9224 ms
2026-09-15 15:50:46 [INF] ProjectManagementSystem.Controllers.AuthController: User Rajeshistala1@gmail.com logged in as HR
2026-09-15 15:50:46 [INF] Serilog.AspNetCore.RequestLoggingMiddleware: HTTP POST /api/Auth/login responded 200 in 146.2773 ms
2026-09-15 15:51:08 [INF] Serilog.AspNetCore.RequestLoggingMiddleware: HTTP GET /api/Auth/me responded 401 in 0.4640 ms
2026-09-15 15:52:36 [INF] Serilog.AspNetCore.RequestLoggingMiddleware: HTTP GET /api/Auth/me responded 200 in 43.7945 ms
